[2026-07-16 16:03:49,265]: Request { method: POST, url: Url { scheme: "https", cannot_be_a_base: false, username: "", password: None, host: Some(Domain("app.warp.dev")), port: None, path: "/graphql/v2", query: Some("op=GetRequestLimitInfo"), fragment: None }, headers: {"x-warp-client-id": "warp-app", "x-warp-client-version": "v0.2026.03.04.08.20.stable_03", "x-warp-os-category": "Linux", "x-warp-os-name": "openSUSE Tumbleweed", "x-warp-os-version": "20260428", "x-warp-os-linux-kernel-version": "7.0.10-2-default", "content-type": "application/json", "authorization": Sensitive, "x-oz-api-source": "CLOUD_MODE"} }
Body {
  "query": "query GetRequestLimitInfo($requestContext: RequestContext!) {\n  user(requestContext: $requestContext) {\n    __typename\n    ... on UserOutput {\n      user {\n        workspaces {\n          uid\n          bonusGrantsInfo {\n            grants {\n              createdAt\n              costCents\n              expiration\n              grantType\n              reason\n              userFacingMessage\n              requestCreditsGranted\n              requestCreditsRemaining\n            }\n            spendingInfo {\n              currentMonthCreditsPurchased\n              currentMonthPeriodEnd\n              currentMonthSpendCents\n            }\n          }\n        }\n        requestLimitInfo {\n          isUnlimited\n          nextRefreshTime\n          requestLimit\n          requestsUsedSinceLastRefresh\n          requestLimitRefreshDuration\n          isUnlimitedAutosuggestions\n          acceptedAutosuggestionsLimit\n          acceptedAutosuggestionsSinceLastRefresh\n          isUnlimitedVoice\n          voiceRequestLimit\n          voiceRequestsUsedSinceLastRefresh\n          voiceTokenLimit\n          voiceTokensUsedSinceLastRefresh\n          isUnlimitedCodebaseIndices\n          maxCodebaseIndices\n          maxFilesPerRepo\n          embeddingGenerationBatchSize\n          requestLimitPooling\n        }\n        bonusGrants {\n          createdAt\n          costCents\n          expiration\n          grantType\n          reason\n          userFacingMessage\n          requestCreditsGranted\n          requestCreditsRemaining\n        }\n      }\n    }\n    ... on UserFacingError {\n      error {\n        __typename\n        ... on SharedObjectsLimitExceeded {\n          limit\n          objectType\n          message\n        }\n        ... on PersonalObjectsLimitExceeded {\n          limit\n          objectType\n          message\n        }\n        ... on AccountDelinquencyError {\n          message\n        }\n        ... on GenericStringObjectUniqueKeyConflict {\n          message\n        }\n        ... on BudgetExceededError {\n          message\n        }\n        ... on PaymentMethodDeclinedError {\n          message\n        }\n        ... on InvalidAttachmentError {\n          message\n        }\n        message\n      }\n      responseContext {\n        serverVersion\n      }\n    }\n  }\n}\n",
  "variables": {
    "requestContext": {
      "clientContext": {
        "version": "v0.2026.03.04.08.20.stable_03"
      },
      "osContext": {
        "category": "Linux",
        "linuxKernelVersion": "7.0.10-2-default",
        "name": "openSUSE Tumbleweed",
        "version": "20260428"
      }
    }
  },
  "operationName": "GetRequestLimitInfo"
}
[2026-07-16 16:03:49,265]: Request { method: POST, url: Url { scheme: "https", cannot_be_a_base: false, username: "", password: None, host: Some(Domain("app.warp.dev")), port: None, path: "/graphql/v2", query: Some("op=GetFeatureModelChoices"), fragment: None }, headers: {"x-warp-client-id": "warp-app", "x-warp-client-version": "v0.2026.03.04.08.20.stable_03", "x-warp-os-category": "Linux", "x-warp-os-name": "openSUSE Tumbleweed", "x-warp-os-version": "20260428", "x-warp-os-linux-kernel-version": "7.0.10-2-default", "content-type": "application/json", "authorization": Sensitive, "x-oz-api-source": "CLOUD_MODE"} }
Body {
  "query": "query GetFeatureModelChoices($requestContext: RequestContext!) {\n  user(requestContext: $requestContext) {\n    __typename\n    ... on UserOutput {\n      user {\n        workspaces {\n          featureModelChoice {\n            agentMode {\n              defaultId\n              choices {\n                displayName\n                baseModelName\n                id\n                reasoningLevel\n                usageMetadata {\n                  creditMultiplier\n                  requestMultiplier\n                }\n                description\n                disableReason\n                visionSupported\n                spec {\n                  cost\n                  quality\n                  speed\n                }\n                provider\n                hostConfigs {\n                  enabled\n                  modelRoutingHost\n                }\n                onboardingInfo {\n                  title\n                  description\n                }\n              }\n              preferredCodexModelId\n            }\n            planning {\n              defaultId\n              choices {\n                displayName\n                baseModelName\n                id\n                reasoningLevel\n                usageMetadata {\n                  creditMultiplier\n                  requestMultiplier\n                }\n                description\n                disableReason\n                visionSupported\n                spec {\n                  cost\n                  quality\n                  speed\n                }\n                provider\n                hostConfigs {\n                  enabled\n                  modelRoutingHost\n                }\n                onboardingInfo {\n                  title\n                  description\n                }\n              }\n              preferredCodexModelId\n            }\n            coding {\n              defaultId\n              choices {\n                displayName\n                baseModelName\n                id\n                reasoningLevel\n                usageMetadata {\n                  creditMultiplier\n                  requestMultiplier\n                }\n                description\n                disableReason\n                visionSupported\n                spec {\n                  cost\n                  quality\n                  speed\n                }\n                provider\n                hostConfigs {\n                  enabled\n                  modelRoutingHost\n                }\n                onboardingInfo {\n                  title\n                  description\n                }\n              }\n              preferredCodexModelId\n            }\n            cliAgent {\n              defaultId\n              choices {\n                displayName\n                baseModelName\n                id\n                reasoningLevel\n                usageMetadata {\n                  creditMultiplier\n                  requestMultiplier\n                }\n                description\n                disableReason\n                visionSupported\n                spec {\n                  cost\n                  quality\n                  speed\n                }\n                provider\n                hostConfigs {\n                  enabled\n                  modelRoutingHost\n                }\n                onboardingInfo {\n                  title\n                  description\n                }\n              }\n              preferredCodexModelId\n            }\n            computerUseAgent {\n              defaultId\n              choices {\n                displayName\n                baseModelName\n                id\n                reasoningLevel\n                usageMetadata {\n                  creditMultiplier\n                  requestMultiplier\n                }\n                description\n                disableReason\n                visionSupported\n                spec {\n                  cost\n                  quality\n                  speed\n                }\n                provider\n                hostConfigs {\n                  enabled\n                  modelRoutingHost\n                }\n                onboardingInfo {\n                  title\n                  description\n                }\n              }\n              preferredCodexModelId\n            }\n          }\n        }\n      }\n    }\n  }\n}\n",
  "variables": {
    "requestContext": {
      "clientContext": {
        "version": "v0.2026.03.04.08.20.stable_03"
      },
      "osContext": {
        "category": "Linux",
        "linuxKernelVersion": "7.0.10-2-default",
        "name": "openSUSE Tumbleweed",
        "version": "20260428"
      }
    }
  },
  "operationName": "GetFeatureModelChoices"
}
[2026-07-16 16:03:49,277]: Response { url: "https://app.warp.dev/client/login", status: 204, headers: {"content-security-policy": "default-src 'self'; style-src 'self' 'unsafe-inline' fonts.googleapis.com cdn.jsdelivr.net www.googletagmanager.com; font-src 'self' fonts.gstatic.com cdn.jsdelivr.net; img-src 'self' data: fonts.gstatic.com *.googleusercontent.com avatars.githubusercontent.com www.googletagmanager.com forms.hsforms.com track.hubspot.com *.reddit.com storage.googleapis.com cnv.event.prod.bidr.io ad.doubleclick.net googleads.g.doubleclick.net www.googleadservices.com event-va1.pubmatic.com pixel.springserve.com; media-src 'self' storage.googleapis.com; object-src 'none'; frame-src 'self' *.warp.dev https://www.recaptcha.net/recaptcha/ https://recaptcha.google.com/recaptcha/; script-src 'self' 'unsafe-inline' 'unsafe-eval' *.warp.dev securetoken.googleapis.com apis.google.com www.googletagmanager.com cdn.jsdelivr.net *.verisoul.ai js.hs-scripts.com js.hscollectedforms.net js.hs-banner.com js.hs-analytics.net js.hsadspixel.net *.mountain.com *.tvads.ai tag.upscale.ai https://www.recaptcha.net/recaptcha/ https://www.gstatic.com/recaptcha/ https://www.gstatic.cn/recaptcha/ *.redditstatic.com *.reddit.com pixel.byspotify.com cdn.sy-d.io; worker-src 'self' blob: data:; child-src 'self' blob: data:; report-uri /csp-report; connect-src 'self' https: wss: securetoken.googleapis.com api.rudderstack.com http://localhost:9277; frame-ancestors 'self'", "set-cookie": "rl_anonymous_id=0fca5403-57c4-4a29-90f5-f796d0ea3e37; Path=/; Domain=warp.dev; Max-Age=31536000", "x-frame-options": "DENY", "x-robots-tag": "noindex,nofollow", "date": "Thu, 16 Jul 2026 10:18:48 GMT", "server": "Google Frontend", "traceparent": "00-10db2c1bc37d906cb50c560ff29188f7-6cffae833d4b200d-00", "x-cloud-trace-context": "10db2c1bc37d906cb50c560ff29188f7/7854188153849716749", "via": "1.1 google", "x-xss-protection": "1; mode=block", "cross-origin-opener-policy": "same-origin-allow-popups", "permissions-policy": "camera=(), microphone=(), geolocation=()", "referrer-policy": "no-referrer", "cross-origin-embedder-policy": "unsafe-none", "x-content-type-options": "nosniff", "strict-transport-security": "max-age=31536000; includeSubDomains", "cross-origin-resource-policy": "same-origin", "alt-svc": "h3=\":443\"; ma=2592000,h3-29=\":443\"; ma=2592000"} }
[2026-07-16 16:03:49,346]: Response { url: "https://app.warp.dev/graphql/v2?op=UserGithubInfo", status: 200, headers: {"content-security-policy": "default-src 'self'; style-src 'self' 'unsafe-inline' fonts.googleapis.com cdn.jsdelivr.net www.googletagmanager.com; font-src 'self' fonts.gstatic.com cdn.jsdelivr.net; img-src 'self' data: fonts.gstatic.com *.googleusercontent.com avatars.githubusercontent.com www.googletagmanager.com forms.hsforms.com track.hubspot.com *.reddit.com storage.googleapis.com cnv.event.prod.bidr.io ad.doubleclick.net googleads.g.doubleclick.net www.googleadservices.com event-va1.pubmatic.com pixel.springserve.com; media-src 'self' storage.googleapis.com; object-src 'none'; frame-src 'self' *.warp.dev https://www.recaptcha.net/recaptcha/ https://recaptcha.google.com/recaptcha/; script-src 'self' 'unsafe-inline' 'unsafe-eval' *.warp.dev securetoken.googleapis.com apis.google.com www.googletagmanager.com cdn.jsdelivr.net *.verisoul.ai js.hs-scripts.com js.hscollectedforms.net js.hs-banner.com js.hs-analytics.net js.hsadspixel.net *.mountain.com *.tvads.ai tag.upscale.ai https://www.recaptcha.net/recaptcha/ https://www.gstatic.com/recaptcha/ https://www.gstatic.cn/recaptcha/ *.redditstatic.com *.reddit.com pixel.byspotify.com cdn.sy-d.io; worker-src 'self' blob: data:; child-src 'self' blob: data:; report-uri /csp-report; connect-src 'self' https: wss: securetoken.googleapis.com api.rudderstack.com http://localhost:9277; frame-ancestors 'self'", "content-type": "application/json", "set-cookie": "rl_anonymous_id=8bb4e4e5-917a-4451-a0af-9a46e6d267f2; Path=/; Domain=warp.dev; Max-Age=31536000", "x-frame-options": "DENY", "x-robots-tag": "noindex,nofollow", "content-length": "397", "date": "Thu, 16 Jul 2026 10:18:48 GMT", "server": "Google Frontend", "traceparent": "00-bfc338a6e89608d3b50c560ff291824c-a3fc6ce37cb56865-00", "x-cloud-trace-context": "bfc338a6e89608d3b50c560ff291824c/11816439246618978405", "via": "1.1 google", "x-xss-protection": "1; mode=block", "cross-origin-opener-policy": "same-origin-allow-popups", "permissions-policy": "camera=(), microphone=(), geolocation=()", "referrer-policy": "no-referrer", "cross-origin-embedder-policy": "unsafe-none", "x-content-type-options": "nosniff", "strict-transport-security": "max-age=31536000; includeSubDomains", "cross-origin-resource-policy": "same-origin", "alt-svc": "h3=\":443\"; ma=2592000,h3-29=\":443\"; ma=2592000"} }
[2026-07-16 16:03:49,346]: Response { url: "https://app.warp.dev/graphql/v2?op=UserGithubInfo", status: 200, headers: {"content-security-policy": "default-src 'self'; style-src 'self' 'unsafe-inline' fonts.googleapis.com cdn.jsdelivr.net www.googletagmanager.com; font-src 'self' fonts.gstatic.com cdn.jsdelivr.net; img-src 'self' data: fonts.gstatic.com *.googleusercontent.com avatars.githubusercontent.com www.googletagmanager.com forms.hsforms.com track.hubspot.com *.reddit.com storage.googleapis.com cnv.event.prod.bidr.io ad.doubleclick.net googleads.g.doubleclick.net www.googleadservices.com event-va1.pubmatic.com pixel.springserve.com; media-src 'self' storage.googleapis.com; object-src 'none'; frame-src 'self' *.warp.dev https://www.recaptcha.net/recaptcha/ https://recaptcha.google.com/recaptcha/; script-src 'self' 'unsafe-inline' 'unsafe-eval' *.warp.dev securetoken.googleapis.com apis.google.com www.googletagmanager.com cdn.jsdelivr.net *.verisoul.ai js.hs-scripts.com js.hscollectedforms.net js.hs-banner.com js.hs-analytics.net js.hsadspixel.net *.mountain.com *.tvads.ai tag.upscale.ai https://www.recaptcha.net/recaptcha/ https://www.gstatic.com/recaptcha/ https://www.gstatic.cn/recaptcha/ *.redditstatic.com *.reddit.com pixel.byspotify.com cdn.sy-d.io; worker-src 'self' blob: data:; child-src 'self' blob: data:; report-uri /csp-report; connect-src 'self' https: wss: securetoken.googleapis.com api.rudderstack.com http://localhost:9277; frame-ancestors 'self'", "content-type": "application/json", "set-cookie": "rl_anonymous_id=18868005-eb1f-4c26-94a7-ac2960b6ce52; Path=/; Domain=warp.dev; Max-Age=31536000", "x-frame-options": "DENY", "x-robots-tag": "noindex,nofollow", "content-length": "397", "date": "Thu, 16 Jul 2026 10:18:48 GMT", "server": "Google Frontend", "x-cloud-trace-context": "2d91e41722f1dc91b50c560ff291868e/18386845886024176302", "traceparent": "00-2d91e41722f1dc91b50c560ff291868e-ff2b32ea6852d2ae-00", "via": "1.1 google", "x-xss-protection": "1; mode=block", "cross-origin-opener-policy": "same-origin-allow-popups", "permissions-policy": "camera=(), microphone=(), geolocation=()", "referrer-policy": "no-referrer", "cross-origin-embedder-policy": "unsafe-none", "x-content-type-options": "nosniff", "strict-transport-security": "max-age=31536000; includeSubDomains", "cross-origin-resource-policy": "same-origin", "alt-svc": "h3=\":443\"; ma=2592000,h3-29=\":443\"; ma=2592000"} }
[2026-07-16 16:03:49,639]: Response { url: "https://app.warp.dev/graphql/v2?op=GetUpdatedCloudObjects", status: 200, headers: {"content-security-policy": "default-src 'self'; style-src 'self' 'unsafe-inline' fonts.googleapis.com cdn.jsdelivr.net www.googletagmanager.com; font-src 'self' fonts.gstatic.com cdn.jsdelivr.net; img-src 'self' data: fonts.gstatic.com *.googleusercontent.com avatars.githubusercontent.com www.googletagmanager.com forms.hsforms.com track.hubspot.com *.reddit.com storage.googleapis.com cnv.event.prod.bidr.io ad.doubleclick.net googleads.g.doubleclick.net www.googleadservices.com event-va1.pubmatic.com pixel.springserve.com; media-src 'self' storage.googleapis.com; object-src 'none'; frame-src 'self' *.warp.dev https://www.recaptcha.net/recaptcha/ https://recaptcha.google.com/recaptcha/; script-src 'self' 'unsafe-inline' 'unsafe-eval' *.warp.dev securetoken.googleapis.com apis.google.com www.googletagmanager.com cdn.jsdelivr.net *.verisoul.ai js.hs-scripts.com js.hscollectedforms.net js.hs-banner.com js.hs-analytics.net js.hsadspixel.net *.mountain.com *.tvads.ai tag.upscale.ai https://www.recaptcha.net/recaptcha/ https://www.gstatic.com/recaptcha/ https://www.gstatic.cn/recaptcha/ *.redditstatic.com *.reddit.com pixel.byspotify.com cdn.sy-d.io; worker-src 'self' blob: data:; child-src 'self' blob: data:; report-uri /csp-report; connect-src 'self' https: wss: securetoken.googleapis.com api.rudderstack.com http://localhost:9277; frame-ancestors 'self'", "content-type": "application/json", "set-cookie": "rl_anonymous_id=26c40749-47b9-40a5-a816-c20360920d23; Path=/; Domain=warp.dev; Max-Age=31536000", "x-frame-options": "DENY", "x-robots-tag": "noindex,nofollow", "date": "Thu, 16 Jul 2026 10:18:48 GMT", "server": "Google Frontend", "x-cloud-trace-context": "9ac57c3805b97789b50c560ff2918a8b/17894607931896074179;o=1", "traceparent": "00-9ac57c3805b97789b50c560ff2918a8b-f8566b1ab78d8fc3-01", "via": "1.1 google", "x-xss-protection": "1; mode=block", "cross-origin-opener-policy": "same-origin-allow-popups", "permissions-policy": "camera=(), microphone=(), geolocation=()", "referrer-policy": "no-referrer", "cross-origin-embedder-policy": "unsafe-none", "x-content-type-options": "nosniff", "strict-transport-security": "max-age=31536000; includeSubDomains", "cross-origin-resource-policy": "same-origin", "alt-svc": "h3=\":443\"; ma=2592000,h3-29=\":443\"; ma=2592000"} }
[2026-07-16 16:03:49,664]: Response { url: "https://app.warp.dev/graphql/v2?op=GetFeatureModelChoices", status: 200, headers: {"content-security-policy": "default-src 'self'; style-src 'self' 'unsafe-inline' fonts.googleapis.com cdn.jsdelivr.net www.googletagmanager.com; font-src 'self' fonts.gstatic.com cdn.jsdelivr.net; img-src 'self' data: fonts.gstatic.com *.googleusercontent.com avatars.githubusercontent.com www.googletagmanager.com forms.hsforms.com track.hubspot.com *.reddit.com storage.googleapis.com cnv.event.prod.bidr.io ad.doubleclick.net googleads.g.doubleclick.net www.googleadservices.com event-va1.pubmatic.com pixel.springserve.com; media-src 'self' storage.googleapis.com; object-src 'none'; frame-src 'self' *.warp.dev https://www.recaptcha.net/recaptcha/ https://recaptcha.google.com/recaptcha/; script-src 'self' 'unsafe-inline' 'unsafe-eval' *.warp.dev securetoken.googleapis.com apis.google.com www.googletagmanager.com cdn.jsdelivr.net *.verisoul.ai js.hs-scripts.com js.hscollectedforms.net js.hs-banner.com js.hs-analytics.net js.hsadspixel.net *.mountain.com *.tvads.ai tag.upscale.ai https://www.recaptcha.net/recaptcha/ https://www.gstatic.com/recaptcha/ https://www.gstatic.cn/recaptcha/ *.redditstatic.com *.reddit.com pixel.byspotify.com cdn.sy-d.io; worker-src 'self' blob: data:; child-src 'self' blob: data:; report-uri /csp-report; connect-src 'self' https: wss: securetoken.googleapis.com api.rudderstack.com http://localhost:9277; frame-ancestors 'self'", "content-type": "application/json", "set-cookie": "rl_anonymous_id=1fdb1a69-1f99-4f48-9b74-94a5c20c3c56; Path=/; Domain=warp.dev; Max-Age=31536000", "x-frame-options": "DENY", "x-robots-tag": "noindex,nofollow", "date": "Thu, 16 Jul 2026 10:18:49 GMT", "server": "Google Frontend", "x-cloud-trace-context": "89d27d18590f0f06b50c560ff291816a/14974606278838184025", "traceparent": "00-89d27d18590f0f06b50c560ff291816a-cfd07d125d7be859-00", "via": "1.1 google", "x-xss-protection": "1; mode=block", "cross-origin-opener-policy": "same-origin-allow-popups", "permissions-policy": "camera=(), microphone=(), geolocation=()", "referrer-policy": "no-referrer", "cross-origin-embedder-policy": "unsafe-none", "x-content-type-options": "nosniff", "strict-transport-security": "max-age=31536000; includeSubDomains", "cross-origin-resource-policy": "same-origin", "alt-svc": "h3=\":443\"; ma=2592000,h3-29=\":443\"; ma=2592000"} }
[2026-07-16 16:03:49,718]: Response { url: "https://app.warp.dev/api/v1/agent/tasks?limit=100&creator=xp7uTMG5fJbIKlC4izGHiTFsVyH2", status: 200, headers: {"content-security-policy": "default-src 'self'; style-src 'self' 'unsafe-inline' fonts.googleapis.com cdn.jsdelivr.net www.googletagmanager.com; font-src 'self' fonts.gstatic.com cdn.jsdelivr.net; img-src 'self' data: fonts.gstatic.com *.googleusercontent.com avatars.githubusercontent.com www.googletagmanager.com forms.hsforms.com track.hubspot.com *.reddit.com storage.googleapis.com cnv.event.prod.bidr.io ad.doubleclick.net googleads.g.doubleclick.net www.googleadservices.com event-va1.pubmatic.com pixel.springserve.com; media-src 'self' storage.googleapis.com; object-src 'none'; frame-src 'self' *.warp.dev https://www.recaptcha.net/recaptcha/ https://recaptcha.google.com/recaptcha/; script-src 'self' 'unsafe-inline' 'unsafe-eval' *.warp.dev securetoken.googleapis.com apis.google.com www.googletagmanager.com cdn.jsdelivr.net *.verisoul.ai js.hs-scripts.com js.hscollectedforms.net js.hs-banner.com js.hs-analytics.net js.hsadspixel.net *.mountain.com *.tvads.ai tag.upscale.ai https://www.recaptcha.net/recaptcha/ https://www.gstatic.com/recaptcha/ https://www.gstatic.cn/recaptcha/ *.redditstatic.com *.reddit.com pixel.byspotify.com cdn.sy-d.io; worker-src 'self' blob: data:; child-src 'self' blob: data:; report-uri /csp-report; connect-src 'self' https: wss: securetoken.googleapis.com api.rudderstack.com http://localhost:9277; frame-ancestors 'self'", "content-type": "application/json; charset=utf-8", "set-cookie": "rl_anonymous_id=3a9e7630-e100-44d3-b078-666651cb71ac; Path=/; Domain=warp.dev; Max-Age=31536000", "x-frame-options": "DENY", "content-length": "48", "date": "Thu, 16 Jul 2026 10:18:49 GMT", "server": "Google Frontend", "traceparent": "00-568afd2105ff5150b50c560ff2918fc3-48d7e8aba22c7836-00", "x-cloud-trace-context": "568afd2105ff5150b50c560ff2918fc3/5248919714581477430", "via": "1.1 google", "x-xss-protection": "1; mode=block", "cross-origin-opener-policy": "same-origin-allow-popups", "permissions-policy": "camera=(), microphone=(), geolocation=()", "referrer-policy": "no-referrer", "cross-origin-embedder-policy": "unsafe-none", "x-content-type-options": "nosniff", "strict-transport-security": "max-age=31536000; includeSubDomains", "cross-origin-resource-policy": "same-origin", "alt-svc": "h3=\":443\"; ma=2592000,h3-29=\":443\"; ma=2592000"} }
[2026-07-16 16:03:49,722]: Request { method: POST, url: Url { scheme: "https", cannot_be_a_base: false, username: "", password: None, host: Some(Domain("app.warp.dev")), port: None, path: "/graphql/v2", query: Some("op=GetCloudEnvironmentsQuery"), fragment: None }, headers: {"x-warp-client-id": "warp-app", "x-warp-client-version": "v0.2026.03.04.08.20.stable_03", "x-warp-os-category": "Linux", "x-warp-os-name": "openSUSE Tumbleweed", "x-warp-os-version": "20260428", "x-warp-os-linux-kernel-version": "7.0.10-2-default", "content-type": "application/json", "authorization": Sensitive, "x-oz-api-source": "CLOUD_MODE"} }
Body {
  "query": "query GetCloudEnvironmentsQuery($requestContext: RequestContext!) {\n  getCloudEnvironments(requestContext: $requestContext) {\n    __typename\n    ... on UserFacingError {\n      error {\n        __typename\n        ... on SharedObjectsLimitExceeded {\n          limit\n          objectType\n          message\n        }\n        ... on PersonalObjectsLimitExceeded {\n          limit\n          objectType\n          message\n        }\n        ... on AccountDelinquencyError {\n          message\n        }\n        ... on GenericStringObjectUniqueKeyConflict {\n          message\n        }\n        ... on BudgetExceededError {\n          message\n        }\n        ... on PaymentMethodDeclinedError {\n          message\n        }\n        ... on InvalidAttachmentError {\n          message\n        }\n        message\n      }\n      responseContext {\n        serverVersion\n      }\n    }\n    ... on GetCloudEnvironmentsOutput {\n      __typename\n      cloudEnvironments {\n        config {\n          setupCommands\n          name\n          githubRepos {\n            repo\n            owner\n          }\n          dockerImage\n        }\n        lastEditor {\n          uid\n          photoUrl\n          email\n          displayName\n        }\n        creator {\n          uid\n          email\n          photoUrl\n          displayName\n        }\n        lastTaskCreated {\n          createdAt\n        }\n        lastUpdated\n        uid\n        scope {\n          type\n          uid\n        }\n      }\n      responseContext {\n        serverVersion\n      }\n    }\n  }\n}\n",
  "variables": {
    "requestContext": {
      "clientContext": {
        "version": "v0.2026.03.04.08.20.stable_03"
      },
      "osContext": {
        "category": "Linux",
        "linuxKernelVersion": "7.0.10-2-default",
        "name": "openSUSE Tumbleweed",
        "version": "20260428"
      }
    }
  },
  "operationName": "GetCloudEnvironmentsQuery"
}
[2026-07-16 16:03:49,724]: Request { method: POST, url: Url { scheme: "https", cannot_be_a_base: false, username: "", password: None, host: Some(Domain("app.warp.dev")), port: None, path: "/graphql/v2", query: Some("op=BulkCreateObjects"), fragment: None }, headers: {"x-warp-client-id": "warp-app", "x-warp-client-version": "v0.2026.03.04.08.20.stable_03", "x-warp-os-category": "Linux", "x-warp-os-name": "openSUSE Tumbleweed", "x-warp-os-version": "20260428", "x-warp-os-linux-kernel-version": "7.0.10-2-default", "content-type": "application/json", "authorization": Sensitive, "x-oz-api-source": "CLOUD_MODE"} }
Body {
  "query": "mutation BulkCreateObjects($input: BulkCreateObjectsInput!, $requestContext: RequestContext!) {\n  bulkCreateObjects(requestContext: $requestContext, input: $input) {\n    __typename\n    ... on BulkCreateObjectsOutput {\n      genericStringObjects {\n        objects {\n          clientId\n          genericStringObject {\n            format\n            metadata {\n              creatorUid\n              currentEditorUid\n              isWelcomeObject\n              lastEditorUid\n              metadataLastUpdatedTs\n              parent {\n                __typename\n                ... on FolderContainer {\n                  folderUid\n                }\n                ... on Space {\n                  uid\n                  type\n                }\n              }\n              revisionTs\n              trashedTs\n              uid\n            }\n            permissions {\n              guests {\n                accessLevel\n                source {\n                  __typename\n                  ... on FolderContainer {\n                    folderUid\n                  }\n                  ... on Space {\n                    uid\n                    type\n                  }\n                }\n                subject {\n                  __typename\n                  ... on UserGuest {\n                    firebaseUid\n                  }\n                  ... on PendingUserGuest {\n                    email\n                  }\n                  ... on TeamGuest {\n                    uid\n                  }\n                }\n              }\n              lastUpdatedTs\n              anyoneLinkSharing {\n                accessLevel\n                source {\n                  __typename\n                  ... on FolderContainer {\n                    folderUid\n                  }\n                  ... on Space {\n                    uid\n                    type\n                  }\n                }\n              }\n              space {\n                uid\n                type\n              }\n            }\n            serializedModel\n          }\n          responseContext {\n            serverVersion\n          }\n          revisionTs\n        }\n      }\n      responseContext {\n        serverVersion\n      }\n    }\n    ... on UserFacingError {\n      error {\n        __typename\n        ... on SharedObjectsLimitExceeded {\n          limit\n          objectType\n          message\n        }\n        ... on PersonalObjectsLimitExceeded {\n          limit\n          objectType\n          message\n        }\n        ... on AccountDelinquencyError {\n          message\n        }\n        ... on GenericStringObjectUniqueKeyConflict {\n          message\n        }\n        ... on BudgetExceededError {\n          message\n        }\n        ... on PaymentMethodDeclinedError {\n          message\n        }\n        ... on InvalidAttachmentError {\n          message\n        }\n        message\n      }\n      responseContext {\n        serverVersion\n      }\n    }\n  }\n}\n",
  "variables": {
    "input": {
      "genericStringObjects": {
        "objects": [
          {
            "clientId": "Client-3d63586b-3b98-4609-a3bc-581c33ea3513",
            "entrypoint": "Unknown",
            "format": "JsonPreference",
            "initialFolderId": null,
            "serializedModel": "{\"storage_key\":\"AIRequestQuotaInfoSetting\",\"value\":{\"cycle_history\":[{\"banner_state\":{\"dismissed\":true},\"end_date\":\"2026-04-14T13:02:41.178481Z\",\"was_quota_exceeded\":false},{\"banner_state\":{\"dismissed\":true},\"end_date\":\"2026-05-14T14:17:12.168908Z\",\"was_quota_exceeded\":false},{\"banner_state\":{\"dismissed\":false},\"end_date\":\"2026-06-14T14:17:12.168908Z\",\"was_quota_exceeded\":false},{\"banner_state\":{\"dismissed\":false},\"end_date\":\"2026-07-14T14:17:12.168908Z\",\"was_quota_exceeded\":true}]},\"platform\":\"Global\"}",
            "uniquenessKey": {
              "key": "Global_AIRequestQuotaInfoSetting",
              "uniquePer": "User"
            }
          },
          {
            "clientId": "Client-cac5b833-a99e-4cbd-866b-d11993ccd34a",
            "entrypoint": "Unknown",
            "format": "JsonPreference",
            "initialFolderId": null,
            "serializedModel": "{\"storage_key\":\"DidShowOzLaunchModal\",\"value\":true,\"platform\":\"Global\"}",
            "uniquenessKey": {
              "key": "Global_DidShowOzLaunchModal",
              "uniquePer": "User"
            }
          },
          {
            "clientId": "Client-d2490e6b-0dcb-4661-b5d6-1bdb1c0c9592",
            "entrypoint": "Unknown",
            "format": "JsonPreference",
            "initialFolderId": null,
            "serializedModel": "{\"storage_key\":\"NLDInTerminalEnabled\",\"value\":false,\"platform\":\"Global\"}",
            "uniquenessKey": {
              "key": "Global_NLDInTerminalEnabled",
              "uniquePer": "User"
            }
          },
          {
            "clientId": "Client-0c025c0f-e201-4b57-8c99-0fcaa3d6d755",
            "entrypoint": "Unknown",
            "format": "JsonPreference",
            "initialFolderId": null,
            "serializedModel": "{\"storage_key\":\"HasAutoOpenedConversationList\",\"value\":true,\"platform\":\"Global\"}",
            "uniquenessKey": {
              "key": "Global_HasAutoOpenedConversationList",
              "uniquePer": "User"
            }
          },
          {
            "clientId": "Client-72994522-2955-4412-b6d7-0e25b4404aa1",
            "entrypoint": "Unknown",
            "format": "JsonPreference",
            "initialFolderId": null,
            "serializedModel": "{\"storage_key\":\"EnteredAgentModeNumTimes\",\"value\":11,\"platform\":\"Global\"}",
            "uniquenessKey": {
              "key": "Global_EnteredAgentModeNumTimes",
              "uniquePer": "User"
            }
          }
        ],
        "owner": {
          "uid": "xp7uTMG5fJbIKlC4izGHiTFsVyH2",
          "type": "User"
        }
      }
    },
    "requestContext": {
      "clientContext": {
        "version": "v0.2026.03.04.08.20.stable_03"
      },
      "osContext": {
        "category": "Linux",
        "linuxKernelVersion": "7.0.10-2-default",
        "name": "openSUSE Tumbleweed",
        "version": "20260428"
      }
    }
  },
  "operationName": "BulkCreateObjects"
}
[2026-07-16 16:03:49,736]: Request { method: POST, url: Url { scheme: "https", cannot_be_a_base: false, username: "", password: None, host: Some(Domain("app.warp.dev")), port: None, path: "/graphql/v2", query: Some("op=DeleteObject"), fragment: None }, headers: {"x-warp-client-id": "warp-app", "x-warp-client-version": "v0.2026.03.04.08.20.stable_03", "x-warp-os-category": "Linux", "x-warp-os-name": "openSUSE Tumbleweed", "x-warp-os-version": "20260428", "x-warp-os-linux-kernel-version": "7.0.10-2-default", "content-type": "application/json", "authorization": Sensitive, "x-oz-api-source": "CLOUD_MODE"} }
Body {
  "query": "mutation DeleteObject($input: DeleteObjectInput!, $requestContext: RequestContext!) {\n  deleteObject(input: $input, requestContext: $requestContext) {\n    __typename\n    ... on DeleteObjectOutput {\n      deletedUids\n      responseContext {\n        serverVersion\n      }\n      success\n    }\n    ... on UserFacingError {\n      error {\n        __typename\n        ... on SharedObjectsLimitExceeded {\n          limit\n          objectType\n          message\n        }\n        ... on PersonalObjectsLimitExceeded {\n          limit\n          objectType\n          message\n        }\n        ... on AccountDelinquencyError {\n          message\n        }\n        ... on GenericStringObjectUniqueKeyConflict {\n          message\n        }\n        ... on BudgetExceededError {\n          message\n        }\n        ... on PaymentMethodDeclinedError {\n          message\n        }\n        ... on InvalidAttachmentError {\n          message\n        }\n        message\n      }\n      responseContext {\n        serverVersion\n      }\n    }\n  }\n}\n",
  "variables": {
    "input": {
      "uid": "RcTmnbkRdHOuyaNhqjnOxp"
    },
    "requestContext": {
      "clientContext": {
        "version": "v0.2026.03.04.08.20.stable_03"
      },
      "osContext": {
        "category": "Linux",
        "linuxKernelVersion": "7.0.10-2-default",
        "name": "openSUSE Tumbleweed",
        "version": "20260428"
      }
    }
  },
  "operationName": "DeleteObject"
}
[2026-07-16 16:03:49,926]: Response { url: "https://app.warp.dev/graphql/v2?op=GetRequestLimitInfo", status: 200, headers: {"content-security-policy": "default-src 'self'; style-src 'self' 'unsafe-inline' fonts.googleapis.com cdn.jsdelivr.net www.googletagmanager.com; font-src 'self' fonts.gstatic.com cdn.jsdelivr.net; img-src 'self' data: fonts.gstatic.com *.googleusercontent.com avatars.githubusercontent.com www.googletagmanager.com forms.hsforms.com track.hubspot.com *.reddit.com storage.googleapis.com cnv.event.prod.bidr.io ad.doubleclick.net googleads.g.doubleclick.net www.googleadservices.com event-va1.pubmatic.com pixel.springserve.com; media-src 'self' storage.googleapis.com; object-src 'none'; frame-src 'self' *.warp.dev https://www.recaptcha.net/recaptcha/ https://recaptcha.google.com/recaptcha/; script-src 'self' 'unsafe-inline' 'unsafe-eval' *.warp.dev securetoken.googleapis.com apis.google.com www.googletagmanager.com cdn.jsdelivr.net *.verisoul.ai js.hs-scripts.com js.hscollectedforms.net js.hs-banner.com js.hs-analytics.net js.hsadspixel.net *.mountain.com *.tvads.ai tag.upscale.ai https://www.recaptcha.net/recaptcha/ https://www.gstatic.com/recaptcha/ https://www.gstatic.cn/recaptcha/ *.redditstatic.com *.reddit.com pixel.byspotify.com cdn.sy-d.io; worker-src 'self' blob: data:; child-src 'self' blob: data:; report-uri /csp-report; connect-src 'self' https: wss: securetoken.googleapis.com api.rudderstack.com http://localhost:9277; frame-ancestors 'self'", "content-type": "application/json", "set-cookie": "rl_anonymous_id=b7793495-936d-4f6e-afba-52d40a30780a; Path=/; Domain=warp.dev; Max-Age=31536000", "x-frame-options": "DENY", "x-robots-tag": "noindex,nofollow", "content-length": "757", "date": "Thu, 16 Jul 2026 10:18:49 GMT", "server": "Google Frontend", "x-cloud-trace-context": "220c60e600da9065b50c560ff2918a11/355269144883981223", "traceparent": "00-220c60e600da9065b50c560ff2918a11-04ee2b67ac776ba7-00", "via": "1.1 google", "x-xss-protection": "1; mode=block", "cross-origin-opener-policy": "same-origin-allow-popups", "permissions-policy": "camera=(), microphone=(), geolocation=()", "referrer-policy": "no-referrer", "cross-origin-embedder-policy": "unsafe-none", "x-content-type-options": "nosniff", "strict-transport-security": "max-age=31536000; includeSubDomains", "cross-origin-resource-policy": "same-origin", "alt-svc": "h3=\":443\"; ma=2592000,h3-29=\":443\"; ma=2592000"} }
[2026-07-16 16:03:50,086]: Response { url: "https://app.warp.dev/graphql/v2?op=GetCloudEnvironmentsQuery", status: 200, headers: {"content-security-policy": "default-src 'self'; style-src 'self' 'unsafe-inline' fonts.googleapis.com cdn.jsdelivr.net www.googletagmanager.com; font-src 'self' fonts.gstatic.com cdn.jsdelivr.net; img-src 'self' data: fonts.gstatic.com *.googleusercontent.com avatars.githubusercontent.com www.googletagmanager.com forms.hsforms.com track.hubspot.com *.reddit.com storage.googleapis.com cnv.event.prod.bidr.io ad.doubleclick.net googleads.g.doubleclick.net www.googleadservices.com event-va1.pubmatic.com pixel.springserve.com; media-src 'self' storage.googleapis.com; object-src 'none'; frame-src 'self' *.warp.dev https://www.recaptcha.net/recaptcha/ https://recaptcha.google.com/recaptcha/; script-src 'self' 'unsafe-inline' 'unsafe-eval' *.warp.dev securetoken.googleapis.com apis.google.com www.googletagmanager.com cdn.jsdelivr.net *.verisoul.ai js.hs-scripts.com js.hscollectedforms.net js.hs-banner.com js.hs-analytics.net js.hsadspixel.net *.mountain.com *.tvads.ai tag.upscale.ai https://www.recaptcha.net/recaptcha/ https://www.gstatic.com/recaptcha/ https://www.gstatic.cn/recaptcha/ *.redditstatic.com *.reddit.com pixel.byspotify.com cdn.sy-d.io; worker-src 'self' blob: data:; child-src 'self' blob: data:; report-uri /csp-report; connect-src 'self' https: wss: securetoken.googleapis.com api.rudderstack.com http://localhost:9277; frame-ancestors 'self'", "content-type": "application/json", "set-cookie": "rl_anonymous_id=af183495-903e-455d-a5bc-b5aa0902dce1; Path=/; Domain=warp.dev; Max-Age=31536000", "x-frame-options": "DENY", "x-robots-tag": "noindex,nofollow", "content-length": "141", "date": "Thu, 16 Jul 2026 10:18:49 GMT", "server": "Google Frontend", "traceparent": "00-0c7c6c8df34a980eb50c560ff291837a-92f55dd774e1eed6-00", "x-cloud-trace-context": "0c7c6c8df34a980eb50c560ff291837a/10589473278791904982", "via": "1.1 google", "x-xss-protection": "1; mode=block", "cross-origin-opener-policy": "same-origin-allow-popups", "permissions-policy": "camera=(), microphone=(), geolocation=()", "referrer-policy": "no-referrer", "cross-origin-embedder-policy": "unsafe-none", "x-content-type-options": "nosniff", "strict-transport-security": "max-age=31536000; includeSubDomains", "cross-origin-resource-policy": "same-origin", "alt-svc": "h3=\":443\"; ma=2592000,h3-29=\":443\"; ma=2592000"} }
[2026-07-16 16:03:50,147]: Response { url: "https://app.warp.dev/graphql/v2?op=BulkCreateObjects", status: 200, headers: {"content-security-policy": "default-src 'self'; style-src 'self' 'unsafe-inline' fonts.googleapis.com cdn.jsdelivr.net www.googletagmanager.com; font-src 'self' fonts.gstatic.com cdn.jsdelivr.net; img-src 'self' data: fonts.gstatic.com *.googleusercontent.com avatars.githubusercontent.com www.googletagmanager.com forms.hsforms.com track.hubspot.com *.reddit.com storage.googleapis.com cnv.event.prod.bidr.io ad.doubleclick.net googleads.g.doubleclick.net www.googleadservices.com event-va1.pubmatic.com pixel.springserve.com; media-src 'self' storage.googleapis.com; object-src 'none'; frame-src 'self' *.warp.dev https://www.recaptcha.net/recaptcha/ https://recaptcha.google.com/recaptcha/; script-src 'self' 'unsafe-inline' 'unsafe-eval' *.warp.dev securetoken.googleapis.com apis.google.com www.googletagmanager.com cdn.jsdelivr.net *.verisoul.ai js.hs-scripts.com js.hscollectedforms.net js.hs-banner.com js.hs-analytics.net js.hsadspixel.net *.mountain.com *.tvads.ai tag.upscale.ai https://www.recaptcha.net/recaptcha/ https://www.gstatic.com/recaptcha/ https://www.gstatic.cn/recaptcha/ *.redditstatic.com *.reddit.com pixel.byspotify.com cdn.sy-d.io; worker-src 'self' blob: data:; child-src 'self' blob: data:; report-uri /csp-report; connect-src 'self' https: wss: securetoken.googleapis.com api.rudderstack.com http://localhost:9277; frame-ancestors 'self'", "content-type": "application/json", "set-cookie": "rl_anonymous_id=d8943dca-52d8-49d6-a36d-f9e27784e577; Path=/; Domain=warp.dev; Max-Age=31536000", "x-frame-options": "DENY", "x-robots-tag": "noindex,nofollow", "content-length": "223", "date": "Thu, 16 Jul 2026 10:18:49 GMT", "server": "Google Frontend", "x-cloud-trace-context": "10d9cc90ac92b14bb50c560ff2918985/14273889638550139594", "traceparent": "00-10d9cc90ac92b14bb50c560ff2918985-c6170afffce8f2ca-00", "via": "1.1 google", "x-xss-protection": "1; mode=block", "cross-origin-opener-policy": "same-origin-allow-popups", "permissions-policy": "camera=(), microphone=(), geolocation=()", "referrer-policy": "no-referrer", "cross-origin-embedder-policy": "unsafe-none", "x-content-type-options": "nosniff", "strict-transport-security": "max-age=31536000; includeSubDomains", "cross-origin-resource-policy": "same-origin", "alt-svc": "h3=\":443\"; ma=2592000,h3-29=\":443\"; ma=2592000"} }
[2026-07-16 16:03:50,250]: Response { url: "https://app.warp.dev/graphql/v2?op=DeleteObject", status: 200, headers: {"content-security-policy": "default-src 'self'; style-src 'self' 'unsafe-inline' fonts.googleapis.com cdn.jsdelivr.net www.googletagmanager.com; font-src 'self' fonts.gstatic.com cdn.jsdelivr.net; img-src 'self' data: fonts.gstatic.com *.googleusercontent.com avatars.githubusercontent.com www.googletagmanager.com forms.hsforms.com track.hubspot.com *.reddit.com storage.googleapis.com cnv.event.prod.bidr.io ad.doubleclick.net googleads.g.doubleclick.net www.googleadservices.com event-va1.pubmatic.com pixel.springserve.com; media-src 'self' storage.googleapis.com; object-src 'none'; frame-src 'self' *.warp.dev https://www.recaptcha.net/recaptcha/ https://recaptcha.google.com/recaptcha/; script-src 'self' 'unsafe-inline' 'unsafe-eval' *.warp.dev securetoken.googleapis.com apis.google.com www.googletagmanager.com cdn.jsdelivr.net *.verisoul.ai js.hs-scripts.com js.hscollectedforms.net js.hs-banner.com js.hs-analytics.net js.hsadspixel.net *.mountain.com *.tvads.ai tag.upscale.ai https://www.recaptcha.net/recaptcha/ https://www.gstatic.com/recaptcha/ https://www.gstatic.cn/recaptcha/ *.redditstatic.com *.reddit.com pixel.byspotify.com cdn.sy-d.io; worker-src 'self' blob: data:; child-src 'self' blob: data:; report-uri /csp-report; connect-src 'self' https: wss: securetoken.googleapis.com api.rudderstack.com http://localhost:9277; frame-ancestors 'self'", "content-type": "application/json", "set-cookie": "rl_anonymous_id=74346704-0f3b-44ed-bfae-88f4182590f5; Path=/; Domain=warp.dev; Max-Age=31536000", "x-frame-options": "DENY", "x-robots-tag": "noindex,nofollow", "content-length": "158", "date": "Thu, 16 Jul 2026 10:18:50 GMT", "server": "Google Frontend", "x-cloud-trace-context": "f8ae7b7b44866e40b50c560ff29181b1/5335955169898031397", "traceparent": "00-f8ae7b7b44866e40b50c560ff29181b1-4a0d1ef4b72e6925-00", "via": "1.1 google", "x-xss-protection": "1; mode=block", "cross-origin-opener-policy": "same-origin-allow-popups", "permissions-policy": "camera=(), microphone=(), geolocation=()", "referrer-policy": "no-referrer", "cross-origin-embedder-policy": "unsafe-none", "x-content-type-options": "nosniff", "strict-transport-security": "max-age=31536000; includeSubDomains", "cross-origin-resource-policy": "same-origin", "alt-svc": "h3=\":443\"; ma=2592000,h3-29=\":443\"; ma=2592000"} }
[2026-07-16 16:03:50,442]: Request { method: POST, url: Url { scheme: "https", cannot_be_a_base: false, username: "", password: None, host: Some(Domain("app.warp.dev")), port: None, path: "/graphql/v2", query: Some("op=BulkCreateObjects"), fragment: None }, headers: {"x-warp-client-id": "warp-app", "x-warp-client-version": "v0.2026.03.04.08.20.stable_03", "x-warp-os-category": "Linux", "x-warp-os-name": "openSUSE Tumbleweed", "x-warp-os-version": "20260428", "x-warp-os-linux-kernel-version": "7.0.10-2-default", "content-type": "application/json", "authorization": Sensitive, "x-oz-api-source": "CLOUD_MODE"} }
Body {
  "query": "mutation BulkCreateObjects($input: BulkCreateObjectsInput!, $requestContext: RequestContext!) {\n  bulkCreateObjects(requestContext: $requestContext, input: $input) {\n    __typename\n    ... on BulkCreateObjectsOutput {\n      genericStringObjects {\n        objects {\n          clientId\n          genericStringObject {\n            format\n            metadata {\n              creatorUid\n              currentEditorUid\n              isWelcomeObject\n              lastEditorUid\n              metadataLastUpdatedTs\n              parent {\n                __typename\n                ... on FolderContainer {\n                  folderUid\n                }\n                ... on Space {\n                  uid\n                  type\n                }\n              }\n              revisionTs\n              trashedTs\n              uid\n            }\n            permissions {\n              guests {\n                accessLevel\n                source {\n                  __typename\n                  ... on FolderContainer {\n                    folderUid\n                  }\n                  ... on Space {\n                    uid\n                    type\n                  }\n                }\n                subject {\n                  __typename\n                  ... on UserGuest {\n                    firebaseUid\n                  }\n                  ... on PendingUserGuest {\n                    email\n                  }\n                  ... on TeamGuest {\n                    uid\n                  }\n                }\n              }\n              lastUpdatedTs\n              anyoneLinkSharing {\n                accessLevel\n                source {\n                  __typename\n                  ... on FolderContainer {\n                    folderUid\n                  }\n                  ... on Space {\n                    uid\n                    type\n                  }\n                }\n              }\n              space {\n                uid\n                type\n              }\n            }\n            serializedModel\n          }\n          responseContext {\n            serverVersion\n          }\n          revisionTs\n        }\n      }\n      responseContext {\n        serverVersion\n      }\n    }\n    ... on UserFacingError {\n      error {\n        __typename\n        ... on SharedObjectsLimitExceeded {\n          limit\n          objectType\n          message\n        }\n        ... on PersonalObjectsLimitExceeded {\n          limit\n          objectType\n          message\n        }\n        ... on AccountDelinquencyError {\n          message\n        }\n        ... on GenericStringObjectUniqueKeyConflict {\n          message\n        }\n        ... on BudgetExceededError {\n          message\n        }\n        ... on PaymentMethodDeclinedError {\n          message\n        }\n        ... on InvalidAttachmentError {\n          message\n        }\n        message\n      }\n      responseContext {\n        serverVersion\n      }\n    }\n  }\n}\n",
  "variables": {
    "input": {
      "genericStringObjects": {
        "objects": [
          {
            "clientId": "Client-7a610f07-2ebf-4f95-9951-e6d6d5d8f22d",
            "entrypoint": "Unknown",
            "format": "JsonPreference",
            "initialFolderId": null,
            "serializedModel": "{\"storage_key\":\"DidShowOzLaunchModal\",\"value\":true,\"platform\":\"Global\"}",
            "uniquenessKey": {
              "key": "Global_DidShowOzLaunchModal",
              "uniquePer": "User"
            }
          },
          {
            "clientId": "Client-01e64644-abc5-4296-942b-e49ccfd5c74c",
            "entrypoint": "Unknown",
            "format": "JsonPreference",
            "initialFolderId": null,
            "serializedModel": "{\"storage_key\":\"AIRequestQuotaInfoSetting\",\"value\":{\"cycle_history\":[{\"banner_state\":{\"dismissed\":true},\"end_date\":\"2026-04-14T13:02:41.178481Z\",\"was_quota_exceeded\":false},{\"banner_state\":{\"dismissed\":true},\"end_date\":\"2026-05-14T14:17:12.168908Z\",\"was_quota_exceeded\":false},{\"banner_state\":{\"dismissed\":false},\"end_date\":\"2026-06-14T14:17:12.168908Z\",\"was_quota_exceeded\":false},{\"banner_state\":{\"dismissed\":false},\"end_date\":\"2026-07-14T14:17:12.168908Z\",\"was_quota_exceeded\":true},{\"banner_state\":{\"dismissed\":false},\"end_date\":\"2026-08-14T14:17:12.168908Z\",\"was_quota_exceeded\":true}]},\"platform\":\"Global\"}",
            "uniquenessKey": {
              "key": "Global_AIRequestQuotaInfoSetting",
              "uniquePer": "User"
            }
          },
          {
            "clientId": "Client-40ef894d-0528-4f2c-a87b-c5e41c62be34",
            "entrypoint": "Unknown",
            "format": "JsonPreference",
            "initialFolderId": null,
            "serializedModel": "{\"storage_key\":\"HasAutoOpenedConversationList\",\"value\":true,\"platform\":\"Global\"}",
            "uniquenessKey": {
              "key": "Global_HasAutoOpenedConversationList",
              "uniquePer": "User"
            }
          },
          {
            "clientId": "Client-59cfcedb-1cfc-4d43-a8e4-d1d2620c6dfa",
            "entrypoint": "Unknown",
            "format": "JsonPreference",
            "initialFolderId": null,
            "serializedModel": "{\"storage_key\":\"EnteredAgentModeNumTimes\",\"value\":11,\"platform\":\"Global\"}",
            "uniquenessKey": {
              "key": "Global_EnteredAgentModeNumTimes",
              "uniquePer": "User"
            }
          },
          {
            "clientId": "Client-75f83ad7-c536-43d2-8dfb-827a1e083104",
            "entrypoint": "Unknown",
            "format": "JsonPreference",
            "initialFolderId": null,
            "serializedModel": "{\"storage_key\":\"NLDInTerminalEnabled\",\"value\":false,\"platform\":\"Global\"}",
            "uniquenessKey": {
              "key": "Global_NLDInTerminalEnabled",
              "uniquePer": "User"
            }
          }
        ],
        "owner": {
          "uid": "xp7uTMG5fJbIKlC4izGHiTFsVyH2",
          "type": "User"
        }
      }
    },
    "requestContext": {
      "clientContext": {
        "version": "v0.2026.03.04.08.20.stable_03"
      },
      "osContext": {
        "category": "Linux",
        "linuxKernelVersion": "7.0.10-2-default",
        "name": "openSUSE Tumbleweed",
        "version": "20260428"
      }
    }
  },
  "operationName": "BulkCreateObjects"
}
[2026-07-16 16:03:50,852]: Response { url: "https://app.warp.dev/graphql/v2?op=BulkCreateObjects", status: 200, headers: {"content-security-policy": "default-src 'self'; style-src 'self' 'unsafe-inline' fonts.googleapis.com cdn.jsdelivr.net www.googletagmanager.com; font-src 'self' fonts.gstatic.com cdn.jsdelivr.net; img-src 'self' data: fonts.gstatic.com *.googleusercontent.com avatars.githubusercontent.com www.googletagmanager.com forms.hsforms.com track.hubspot.com *.reddit.com storage.googleapis.com cnv.event.prod.bidr.io ad.doubleclick.net googleads.g.doubleclick.net www.googleadservices.com event-va1.pubmatic.com pixel.springserve.com; media-src 'self' storage.googleapis.com; object-src 'none'; frame-src 'self' *.warp.dev https://www.recaptcha.net/recaptcha/ https://recaptcha.google.com/recaptcha/; script-src 'self' 'unsafe-inline' 'unsafe-eval' *.warp.dev securetoken.googleapis.com apis.google.com www.googletagmanager.com cdn.jsdelivr.net *.verisoul.ai js.hs-scripts.com js.hscollectedforms.net js.hs-banner.com js.hs-analytics.net js.hsadspixel.net *.mountain.com *.tvads.ai tag.upscale.ai https://www.recaptcha.net/recaptcha/ https://www.gstatic.com/recaptcha/ https://www.gstatic.cn/recaptcha/ *.redditstatic.com *.reddit.com pixel.byspotify.com cdn.sy-d.io; worker-src 'self' blob: data:; child-src 'self' blob: data:; report-uri /csp-report; connect-src 'self' https: wss: securetoken.googleapis.com api.rudderstack.com http://localhost:9277; frame-ancestors 'self'", "content-type": "application/json", "set-cookie": "rl_anonymous_id=12152411-4c8b-4501-b96f-11c7b50dbe87; Path=/; Domain=warp.dev; Max-Age=31536000", "x-frame-options": "DENY", "x-robots-tag": "noindex,nofollow", "content-length": "223", "date": "Thu, 16 Jul 2026 10:18:50 GMT", "server": "Google Frontend", "traceparent": "00-e82e2e74d1e797e4b50c560ff291890b-efedf17e099ee5e2-00", "x-cloud-trace-context": "e82e2e74d1e797e4b50c560ff291890b/17288740068174783970", "via": "1.1 google", "x-xss-protection": "1; mode=block", "cross-origin-opener-policy": "same-origin-allow-popups", "permissions-policy": "camera=(), microphone=(), geolocation=()", "referrer-policy": "no-referrer", "cross-origin-embedder-policy": "unsafe-none", "x-content-type-options": "nosniff", "strict-transport-security": "max-age=31536000; includeSubDomains", "cross-origin-resource-policy": "same-origin", "alt-svc": "h3=\":443\"; ma=2592000,h3-29=\":443\"; ma=2592000"} }
[2026-07-16 16:03:59,366]: Request { method: GET, url: Url { scheme: "https", cannot_be_a_base: false, username: "", password: None, host: Some(Domain("app.warp.dev")), port: None, path: "/client_version/daily", query: Some("include_changelogs=false"), fragment: None }, headers: {"x-warp-client-id": "warp-app", "x-warp-client-version": "v0.2026.03.04.08.20.stable_03", "x-warp-os-category": "Linux", "x-warp-os-name": "openSUSE Tumbleweed", "x-warp-os-version": "20260428", "x-warp-os-linux-kernel-version": "7.0.10-2-default", "authorization": Sensitive} }
[2026-07-16 16:03:59,744]: Response { url: "https://app.warp.dev/client_version/daily?include_changelogs=false", status: 200, headers: {"content-security-policy": "default-src 'self'; style-src 'self' 'unsafe-inline' fonts.googleapis.com cdn.jsdelivr.net www.googletagmanager.com; font-src 'self' fonts.gstatic.com cdn.jsdelivr.net; img-src 'self' data: fonts.gstatic.com *.googleusercontent.com avatars.githubusercontent.com www.googletagmanager.com forms.hsforms.com track.hubspot.com *.reddit.com storage.googleapis.com cnv.event.prod.bidr.io ad.doubleclick.net googleads.g.doubleclick.net www.googleadservices.com event-va1.pubmatic.com pixel.springserve.com; media-src 'self' storage.googleapis.com; object-src 'none'; frame-src 'self' *.warp.dev https://www.recaptcha.net/recaptcha/ https://recaptcha.google.com/recaptcha/; script-src 'self' 'unsafe-inline' 'unsafe-eval' *.warp.dev securetoken.googleapis.com apis.google.com www.googletagmanager.com cdn.jsdelivr.net *.verisoul.ai js.hs-scripts.com js.hscollectedforms.net js.hs-banner.com js.hs-analytics.net js.hsadspixel.net *.mountain.com *.tvads.ai tag.upscale.ai https://www.recaptcha.net/recaptcha/ https://www.gstatic.com/recaptcha/ https://www.gstatic.cn/recaptcha/ *.redditstatic.com *.reddit.com pixel.byspotify.com cdn.sy-d.io; worker-src 'self' blob: data:; child-src 'self' blob: data:; report-uri /csp-report; connect-src 'self' https: wss: securetoken.googleapis.com api.rudderstack.com http://localhost:9277; frame-ancestors 'self'", "content-type": "application/json", "set-cookie": "rl_anonymous_id=6712a9cc-de7e-40c3-9479-3d9f85166c2f; Path=/; Domain=warp.dev; Max-Age=31536000", "x-frame-options": "DENY", "x-robots-tag": "noindex,nofollow", "content-length": "663", "date": "Thu, 16 Jul 2026 10:18:59 GMT", "server": "Google Frontend", "x-cloud-trace-context": "eeff1a520b10af2bb50c560ff29189e9/13372877482081079338", "traceparent": "00-eeff1a520b10af2bb50c560ff29189e9-b9960137a843502a-00", "via": "1.1 google", "x-xss-protection": "1; mode=block", "cross-origin-opener-policy": "same-origin-allow-popups", "permissions-policy": "camera=(), microphone=(), geolocation=()", "referrer-policy": "no-referrer", "cross-origin-embedder-policy": "unsafe-none", "x-content-type-options": "nosniff", "strict-transport-security": "max-age=31536000; includeSubDomains", "cross-origin-resource-policy": "same-origin", "alt-svc": "h3=\":443\"; ma=2592000,h3-29=\":443\"; ma=2592000"} }
