[17:47:11.119][info] [#0:/acc/common/hdots/.local/share/zed/extensions/work/lua/lua-language-server-3.18.2/main.lua:71]: Lua Lsp startup, root: 	/acc/common/hdots/.local/share/zed/extensions/work/lua/lua-language-server-3.18.2
[17:47:11.120][info] [#0:/acc/common/hdots/.local/share/zed/extensions/work/lua/lua-language-server-3.18.2/main.lua:72]: ROOT:	/acc/common/hdots/.local/share/zed/extensions/work/lua/lua-language-server-3.18.2
[17:47:11.120][info] [#0:/acc/common/hdots/.local/share/zed/extensions/work/lua/lua-language-server-3.18.2/main.lua:73]: LOGPATH:	/acc/common/hdots/.local/share/zed/extensions/work/lua/lua-language-server-3.18.2/log
[17:47:11.120][info] [#0:/acc/common/hdots/.local/share/zed/extensions/work/lua/lua-language-server-3.18.2/main.lua:74]: METAPATH:	/acc/common/hdots/.local/share/zed/extensions/work/lua/lua-language-server-3.18.2/meta
[17:47:11.120][info] [#0:/acc/common/hdots/.local/share/zed/extensions/work/lua/lua-language-server-3.18.2/main.lua:75]: VERSION:	3.18.2-dev
[17:47:11.143][info] [#0:script/proto/proto.lua:260]: Listen Mode: stdio
[17:47:11.143][info] [#0:script/service/service.lua:145]: 
========= Medical Examination Report =========
    --------------- Memory ---------------
        Total: 1.927 MB
        # 00 : 1.927 MB
        # 01 : 0.000 MB
        # 02 : 0.000 MB
        # 03 : 0.000 MB
        # 04 : 0.000 MB
    --------------- Coroutine ---------------
        Total:     0
        Running:   0
        Suspended: 0
        Normal:    0
        Dead:      0
    --------------- Cache ---------------
        Total: 1
        Dead:  0
    ---------------  RPC  ---------------
        Holdon:   0
        Waiting:  0
==============================================
[17:47:11.147][info] [#0:script/client.lua:657]: Client init	{
  capabilities = {
    experimental = {
      localDocs = true,
      serverStatusNotification = true
    },
    general = {
      positionEncodings = { "utf-16" }
    },
    textDocument = {
      codeAction = {
        codeActionLiteralSupport = {
          codeActionKind = {
            valueSet = { "refactor", "quickfix", "source" }
          }
        },
        dataSupport = true,
        dynamicRegistration = true,
        resolveSupport = {
          properties = { "kind", "diagnostics", "isPreferred", "disabled", "edit", "command" }
        }
      },
      codeLens = {
        dynamicRegistration = true
      },
      colorProvider = {
        dynamicRegistration = true
      },
      completion = {
        completionItem = {
          deprecatedSupport = true,
          documentationFormat = { "markdown", "plaintext" },
          insertReplaceSupport = true,
          insertTextModeSupport = {
            valueSet = { 1, 2 }
          },
          labelDetailsSupport = true,
          resolveSupport = {
            properties = { "additionalTextEdits", "command", "detail", "documentation" }
          },
          snippetSupport = true,
          tagSupport = {
            valueSet = { 1 }
          }
        },
        completionList = {
          itemDefaults = { "commitCharacters", "editRange", "insertTextMode", "insertTextFormat", "data" }
        },
        contextSupport = true,
        dynamicRegistration = true,
        insertTextMode = 2
      },
      definition = {
        dynamicRegistration = true,
        linkSupport = true
      },
      diagnostic = {
        dynamicRegistration = true,
        relatedDocumentSupport = true
      },
      documentLink = {
        dynamicRegistration = true,
        tooltipSupport = true
      },
      documentSymbol = {
        dynamicRegistration = true,
        hierarchicalDocumentSymbolSupport = true
      },
      foldingRange = {
        dynamicRegistration = true,
        foldingRange = {
          collapsedText = true
        },
        foldingRangeKind = {
          valueSet = { "comment", "region", "imports" }
        },
        lineFoldingOnly = false
      },
      formatting = {
        dynamicRegistration = true
      },
      hover = {
        contentFormat = { "markdown" },
        dynamicRegistration = true
      },
      inlayHint = {
        dynamicRegistration = true,
        resolveSupport = {
          properties = { "textEdits", "tooltip", "label.tooltip", "label.location", "label.command" }
        }
      },
      onTypeFormatting = {
        dynamicRegistration = true
      },
      publishDiagnostics = {
        codeDescriptionSupport = true,
        dataSupport = true,
        relatedInformation = true,
        tagSupport = {
          valueSet = { 1, 2 }
        },
        versionSupport = true
      },
      rangeFormatting = {
        dynamicRegistration = true
      },
      rename = {
        dynamicRegistration = true,
        prepareSupport = true,
        prepareSupportDefaultBehavior = 1
      },
      semanticTokens = {
        augmentsSyntaxTokens = true,
        dynamicRegistration = true,
        formats = { "relative" },
        multilineTokenSupport = true,
        overlappingTokenSupport = true,
        requests = {
          full = {
            delta = true
          }
        },
        serverCancelSupport = true,
        tokenModifiers = { "declaration", "definition", "readonly", "static", "deprecated", "abstract", "async", "modification", "documentation", "defaultLibrary", "constant" },
        tokenTypes = { "namespace", "class", "enum", "interface", "struct", "typeParameter", "type", "parameter", "variable", "property", "enumMember", "decorator", "function", "method", "macro", "label", "comment", "string", "keyword", "number", "regexp", "operator", "modifier", "event", "lifetime" }
      },
      signatureHelp = {
        dynamicRegistration = true,
        signatureInformation = {
          activeParameterSupport = true,
          documentationFormat = { "markdown", "plaintext" },
          parameterInformation = {
            labelOffsetSupport = true
          }
        }
      },
      synchronization = {
        didSave = true,
        dynamicRegistration = true
      }
    },
    window = {
      showMessage = {
        messageActionItem = {
          additionalPropertiesSupport = true
        }
      },
      workDoneProgress = true
    },
    workspace = {
      applyEdit = true,
      codeLens = {
        refreshSupport = true
      },
      configuration = true,
      diagnostics = {
        refreshSupport = true
      },
      didChangeConfiguration = {
        dynamicRegistration = true
      },
      didChangeWatchedFiles = {
        dynamicRegistration = true,
        relativePatternSupport = true
      },
      executeCommand = {
        dynamicRegistration = true
      },
      fileOperations = {
        didRename = true,
        dynamicRegistration = true,
        willRename = true
      },
      inlayHint = {
        refreshSupport = true
      },
      semanticTokens = {
        refreshSupport = true
      },
      symbol = {
        dynamicRegistration = true
      },
      workspaceEdit = {
        documentChanges = true,
        resourceOperations = { "create", "rename", "delete" },
        snippetEditSupport = true
      },
      workspaceFolders = true
    }
  },
  clientInfo = {
    name = "Zed",
    version = "1.10.3+stable.324.0c54c414d522234de7298039708ffe85a116892a"
  },
  processId = 135835,
  rootPath = "/tmp/tw_hypr_conf/configs",
  rootUri = "file:///tmp/tw_hypr_conf/configs",
  workspaceFolders = { {
      name = "",
      uri = "file:///tmp/tw_hypr_conf/configs/secondary.lua"
    } }
}
[17:47:11.147][info] [#0:script/language.lua:137]: VSC language: nil
[17:47:11.147][info] [#0:script/language.lua:138]: LS  language: en-us
[17:47:11.147][info] [#0:script/workspace/workspace.lua:38]: Workspace init root: 	file:///tmp/tw_hypr_conf/configs
[17:47:11.147][info] [#0:script/workspace/workspace.lua:42]: Log path: 	/acc/common/hdots/.local/share/zed/extensions/work/lua/lua-language-server-3.18.2/log/file_tmp_tw_hypr_conf_configs.log
[17:47:11.148][info] [#0:script/workspace/workspace.lua:48]: Workspace create: 	file:///tmp/tw_hypr_conf/configs/secondary.lua
[17:47:11.150][warn] [#0:script/config/loader.lua:116]: No config?	{}
[17:47:11.150][warn] [#0:script/config/loader.lua:116]: No config?	{}
[17:47:11.150][warn] [#0:script/config/loader.lua:116]: No config?	{}
[17:47:11.150][info] [#0:script/provider/provider.lua:65]: Load config from client	fallback
[17:47:11.150][info] [#0:script/provider/provider.lua:66]: nil
[17:47:11.150][warn] [#0:script/config/loader.lua:116]: No config?	{}
[17:47:11.150][info] [#0:script/provider/provider.lua:65]: Load config from client	fallback
[17:47:11.150][info] [#0:script/provider/provider.lua:66]: nil
[17:47:11.151][info] [#0:script/provider/completion.lua:43]: Enable completion.
[17:47:11.361][info] [#0:script/library.lua:216]: Init builtin library at:	file:///tmp/tw_hypr_conf/configs/secondary.lua
[17:47:11.373][info] [#0:script/library.lua:216]: Init builtin library at:	nil
[17:47:11.480][info] [#0:script/workspace/workspace.lua:330]: Preload start:	file:///tmp/tw_hypr_conf/configs/secondary.lua
[17:47:11.483][info] [#0:script/workspace/workspace.lua:336]: Scan files at:	file:///tmp/tw_hypr_conf/configs/secondary.lua
[17:47:11.483][info] [#0:script/workspace/workspace.lua:330]: Preload start:	<fallback>
[17:47:11.485][info] [#0:script/workspace/workspace.lua:359]: Scan library at:	file:///acc/common/hdots/.local/share/zed/extensions/work/lua/lua-language-server-3.18.2/meta/Lua%205.4%20en-us%20utf8/utf8.lua
[17:47:11.486][info] [#0:script/workspace/workspace.lua:359]: Scan library at:	file:///acc/common/hdots/.local/share/zed/extensions/work/lua/lua-language-server-3.18.2/meta/Lua%205.4%20en-us%20utf8/utf8.lua
[17:47:11.488][info] [#0:script/workspace/workspace.lua:359]: Scan library at:	file:///acc/common/hdots/.local/share/zed/extensions/work/lua/lua-language-server-3.18.2/meta/Lua%205.4%20en-us%20utf8/basic.lua
[17:47:11.488][info] [#0:script/workspace/workspace.lua:359]: Scan library at:	file:///acc/common/hdots/.local/share/zed/extensions/work/lua/lua-language-server-3.18.2/meta/Lua%205.4%20en-us%20utf8/basic.lua
[17:47:11.488][info] [#0:script/workspace/workspace.lua:359]: Scan library at:	file:///acc/common/hdots/.local/share/zed/extensions/work/lua/lua-language-server-3.18.2/meta/Lua%205.4%20en-us%20utf8/string.lua
[17:47:11.488][info] [#0:script/workspace/workspace.lua:359]: Scan library at:	file:///acc/common/hdots/.local/share/zed/extensions/work/lua/lua-language-server-3.18.2/meta/Lua%205.4%20en-us%20utf8/string.lua
[17:47:11.488][info] [#0:script/workspace/workspace.lua:359]: Scan library at:	file:///acc/common/hdots/.local/share/zed/extensions/work/lua/lua-language-server-3.18.2/meta/Lua%205.4%20en-us%20utf8/coroutine.lua
[17:47:11.488][info] [#0:script/workspace/workspace.lua:359]: Scan library at:	file:///acc/common/hdots/.local/share/zed/extensions/work/lua/lua-language-server-3.18.2/meta/Lua%205.4%20en-us%20utf8/coroutine.lua
[17:47:11.488][info] [#0:script/workspace/workspace.lua:359]: Scan library at:	file:///acc/common/hdots/.local/share/zed/extensions/work/lua/lua-language-server-3.18.2/meta/Lua%205.4%20en-us%20utf8/package.lua
[17:47:11.489][info] [#0:script/workspace/workspace.lua:359]: Scan library at:	file:///acc/common/hdots/.local/share/zed/extensions/work/lua/lua-language-server-3.18.2/meta/Lua%205.4%20en-us%20utf8/package.lua
[17:47:11.489][info] [#0:script/workspace/workspace.lua:359]: Scan library at:	file:///acc/common/hdots/.local/share/zed/extensions/work/lua/lua-language-server-3.18.2/meta/Lua%205.4%20en-us%20utf8/io.lua
[17:47:11.489][info] [#0:script/workspace/workspace.lua:359]: Scan library at:	file:///acc/common/hdots/.local/share/zed/extensions/work/lua/lua-language-server-3.18.2/meta/Lua%205.4%20en-us%20utf8/io.lua
[17:47:11.489][info] [#0:script/workspace/workspace.lua:359]: Scan library at:	file:///acc/common/hdots/.local/share/zed/extensions/work/lua/lua-language-server-3.18.2/meta/Lua%205.4%20en-us%20utf8/math.lua
[17:47:11.489][info] [#0:script/workspace/workspace.lua:359]: Scan library at:	file:///acc/common/hdots/.local/share/zed/extensions/work/lua/lua-language-server-3.18.2/meta/Lua%205.4%20en-us%20utf8/math.lua
[17:47:11.489][info] [#0:script/workspace/workspace.lua:359]: Scan library at:	file:///acc/common/hdots/.local/share/zed/extensions/work/lua/lua-language-server-3.18.2/meta/Lua%205.4%20en-us%20utf8/debug.lua
[17:47:11.489][info] [#0:script/workspace/workspace.lua:359]: Scan library at:	file:///acc/common/hdots/.local/share/zed/extensions/work/lua/lua-language-server-3.18.2/meta/Lua%205.4%20en-us%20utf8/debug.lua
[17:47:11.489][info] [#0:script/workspace/workspace.lua:359]: Scan library at:	file:///acc/common/hdots/.local/share/zed/extensions/work/lua/lua-language-server-3.18.2/meta/Lua%205.4%20en-us%20utf8/builtin.lua
[17:47:11.489][info] [#0:script/workspace/workspace.lua:359]: Scan library at:	file:///acc/common/hdots/.local/share/zed/extensions/work/lua/lua-language-server-3.18.2/meta/Lua%205.4%20en-us%20utf8/builtin.lua
[17:47:11.489][info] [#0:script/workspace/workspace.lua:359]: Scan library at:	file:///acc/common/hdots/.local/share/zed/extensions/work/lua/lua-language-server-3.18.2/meta/Lua%205.4%20en-us%20utf8/table.lua
[17:47:11.490][info] [#0:script/workspace/workspace.lua:359]: Scan library at:	file:///acc/common/hdots/.local/share/zed/extensions/work/lua/lua-language-server-3.18.2/meta/Lua%205.4%20en-us%20utf8/table.lua
[17:47:11.490][info] [#0:script/workspace/workspace.lua:359]: Scan library at:	file:///acc/common/hdots/.local/share/zed/extensions/work/lua/lua-language-server-3.18.2/meta/Lua%205.4%20en-us%20utf8/os.lua
[17:47:11.490][info] [#0:script/workspace/workspace.lua:359]: Scan library at:	file:///acc/common/hdots/.local/share/zed/extensions/work/lua/lua-language-server-3.18.2/meta/Lua%205.4%20en-us%20utf8/os.lua
[17:47:11.686][info] [#0:script/workspace/workspace.lua:385]: Found 11 files at:	<fallback>
[17:47:11.686][info] [#0:script/workspace/loading.lua:160]: Load files from disk:	<fallback>
[17:47:11.686][info] [#0:script/workspace/workspace.lua:385]: Found 12 files at:	file:///tmp/tw_hypr_conf/configs/secondary.lua
[17:47:11.686][info] [#0:script/workspace/loading.lua:160]: Load files from disk:	file:///tmp/tw_hypr_conf/configs/secondary.lua
[17:47:11.688][info] [#0:script/workspace/loading.lua:100]: Preload file at: file:///acc/common/hdots/.local/share/zed/extensions/work/lua/lua-language-server-3.18.2/meta/Lua%205.4%20en-us%20utf8/os.lua , size = 5.662 KB
[17:47:11.694][info] [#0:script/workspace/loading.lua:112]: ++++As library of:	file:///acc/common/hdots/.local/share/zed/extensions/work/lua/lua-language-server-3.18.2/meta/Lua%205.4%20en-us%20utf8/os.lua
[17:47:11.694][info] [#0:script/workspace/loading.lua:97]: Skip loaded file: file:///acc/common/hdots/.local/share/zed/extensions/work/lua/lua-language-server-3.18.2/meta/Lua%205.4%20en-us%20utf8/os.lua
[17:47:11.694][info] [#0:script/workspace/loading.lua:100]: Preload file at: file:///acc/common/hdots/.local/share/zed/extensions/work/lua/lua-language-server-3.18.2/meta/Lua%205.4%20en-us%20utf8/table.lua , size = 5.020 KB
[17:47:11.699][info] [#0:script/workspace/loading.lua:112]: ++++As library of:	file:///acc/common/hdots/.local/share/zed/extensions/work/lua/lua-language-server-3.18.2/meta/Lua%205.4%20en-us%20utf8/table.lua
[17:47:11.699][info] [#0:script/workspace/loading.lua:97]: Skip loaded file: file:///acc/common/hdots/.local/share/zed/extensions/work/lua/lua-language-server-3.18.2/meta/Lua%205.4%20en-us%20utf8/table.lua
[17:47:11.699][info] [#0:script/workspace/loading.lua:100]: Preload file at: file:///acc/common/hdots/.local/share/zed/extensions/work/lua/lua-language-server-3.18.2/meta/Lua%205.4%20en-us%20utf8/builtin.lua , size = 0.302 KB
[17:47:11.699][info] [#0:script/workspace/loading.lua:112]: ++++As library of:	file:///acc/common/hdots/.local/share/zed/extensions/work/lua/lua-language-server-3.18.2/meta/Lua%205.4%20en-us%20utf8/builtin.lua
[17:47:11.699][info] [#0:script/workspace/loading.lua:97]: Skip loaded file: file:///acc/common/hdots/.local/share/zed/extensions/work/lua/lua-language-server-3.18.2/meta/Lua%205.4%20en-us%20utf8/builtin.lua
[17:47:11.699][info] [#0:script/workspace/loading.lua:100]: Preload file at: file:///acc/common/hdots/.local/share/zed/extensions/work/lua/lua-language-server-3.18.2/meta/Lua%205.4%20en-us%20utf8/debug.lua , size = 7.637 KB
[17:47:11.704][info] [#0:script/workspace/loading.lua:112]: ++++As library of:	file:///acc/common/hdots/.local/share/zed/extensions/work/lua/lua-language-server-3.18.2/meta/Lua%205.4%20en-us%20utf8/debug.lua
[17:47:11.705][info] [#0:script/workspace/loading.lua:97]: Skip loaded file: file:///acc/common/hdots/.local/share/zed/extensions/work/lua/lua-language-server-3.18.2/meta/Lua%205.4%20en-us%20utf8/debug.lua
[17:47:11.705][info] [#0:script/workspace/loading.lua:100]: Preload file at: file:///acc/common/hdots/.local/share/zed/extensions/work/lua/lua-language-server-3.18.2/meta/Lua%205.4%20en-us%20utf8/math.lua , size = 8.595 KB
[17:47:11.710][info] [#0:script/workspace/loading.lua:112]: ++++As library of:	file:///acc/common/hdots/.local/share/zed/extensions/work/lua/lua-language-server-3.18.2/meta/Lua%205.4%20en-us%20utf8/math.lua
[17:47:11.710][info] [#0:script/workspace/loading.lua:97]: Skip loaded file: file:///acc/common/hdots/.local/share/zed/extensions/work/lua/lua-language-server-3.18.2/meta/Lua%205.4%20en-us%20utf8/math.lua
[17:47:11.710][info] [#0:script/workspace/loading.lua:100]: Preload file at: file:///acc/common/hdots/.local/share/zed/extensions/work/lua/lua-language-server-3.18.2/meta/Lua%205.4%20en-us%20utf8/io.lua , size = 6.364 KB
[17:47:11.716][info] [#0:script/workspace/loading.lua:112]: ++++As library of:	file:///acc/common/hdots/.local/share/zed/extensions/work/lua/lua-language-server-3.18.2/meta/Lua%205.4%20en-us%20utf8/io.lua
[17:47:11.716][info] [#0:script/workspace/loading.lua:97]: Skip loaded file: file:///acc/common/hdots/.local/share/zed/extensions/work/lua/lua-language-server-3.18.2/meta/Lua%205.4%20en-us%20utf8/io.lua
[17:47:11.716][info] [#0:script/workspace/loading.lua:100]: Preload file at: file:///acc/common/hdots/.local/share/zed/extensions/work/lua/lua-language-server-3.18.2/meta/Lua%205.4%20en-us%20utf8/package.lua , size = 2.944 KB
[17:47:11.718][info] [#0:script/workspace/loading.lua:112]: ++++As library of:	file:///acc/common/hdots/.local/share/zed/extensions/work/lua/lua-language-server-3.18.2/meta/Lua%205.4%20en-us%20utf8/package.lua
[17:47:11.718][info] [#0:script/workspace/loading.lua:97]: Skip loaded file: file:///acc/common/hdots/.local/share/zed/extensions/work/lua/lua-language-server-3.18.2/meta/Lua%205.4%20en-us%20utf8/package.lua
[17:47:11.718][info] [#0:script/workspace/loading.lua:100]: Preload file at: file:///acc/common/hdots/.local/share/zed/extensions/work/lua/lua-language-server-3.18.2/meta/Lua%205.4%20en-us%20utf8/coroutine.lua , size = 2.590 KB
[17:47:11.720][info] [#0:script/workspace/loading.lua:112]: ++++As library of:	file:///acc/common/hdots/.local/share/zed/extensions/work/lua/lua-language-server-3.18.2/meta/Lua%205.4%20en-us%20utf8/coroutine.lua
[17:47:11.720][info] [#0:script/workspace/loading.lua:97]: Skip loaded file: file:///acc/common/hdots/.local/share/zed/extensions/work/lua/lua-language-server-3.18.2/meta/Lua%205.4%20en-us%20utf8/coroutine.lua
[17:47:11.720][info] [#0:script/workspace/loading.lua:100]: Preload file at: file:///acc/common/hdots/.local/share/zed/extensions/work/lua/lua-language-server-3.18.2/meta/Lua%205.4%20en-us%20utf8/string.lua , size = 6.389 KB
[17:47:11.724][info] [#0:script/workspace/loading.lua:112]: ++++As library of:	file:///acc/common/hdots/.local/share/zed/extensions/work/lua/lua-language-server-3.18.2/meta/Lua%205.4%20en-us%20utf8/string.lua
[17:47:11.724][info] [#0:script/workspace/loading.lua:97]: Skip loaded file: file:///acc/common/hdots/.local/share/zed/extensions/work/lua/lua-language-server-3.18.2/meta/Lua%205.4%20en-us%20utf8/string.lua
[17:47:11.724][info] [#0:script/workspace/loading.lua:100]: Preload file at: file:///acc/common/hdots/.local/share/zed/extensions/work/lua/lua-language-server-3.18.2/meta/Lua%205.4%20en-us%20utf8/basic.lua , size = 17.330 KB
[17:47:11.732][info] [#0:script/workspace/loading.lua:112]: ++++As library of:	file:///acc/common/hdots/.local/share/zed/extensions/work/lua/lua-language-server-3.18.2/meta/Lua%205.4%20en-us%20utf8/basic.lua
[17:47:11.732][info] [#0:script/workspace/loading.lua:97]: Skip loaded file: file:///acc/common/hdots/.local/share/zed/extensions/work/lua/lua-language-server-3.18.2/meta/Lua%205.4%20en-us%20utf8/basic.lua
[17:47:11.732][info] [#0:script/workspace/loading.lua:88]: Skip loaded file: file:///tmp/tw_hypr_conf/configs/secondary.lua
[17:47:11.732][info] [#0:script/workspace/loading.lua:100]: Preload file at: file:///acc/common/hdots/.local/share/zed/extensions/work/lua/lua-language-server-3.18.2/meta/Lua%205.4%20en-us%20utf8/utf8.lua , size = 2.387 KB
[17:47:11.734][info] [#0:script/workspace/loading.lua:112]: ++++As library of:	file:///acc/common/hdots/.local/share/zed/extensions/work/lua/lua-language-server-3.18.2/meta/Lua%205.4%20en-us%20utf8/utf8.lua
[17:47:11.734][info] [#0:script/workspace/loading.lua:97]: Skip loaded file: file:///acc/common/hdots/.local/share/zed/extensions/work/lua/lua-language-server-3.18.2/meta/Lua%205.4%20en-us%20utf8/utf8.lua
[17:47:11.887][info] [#0:script/workspace/loading.lua:172]: Loaded files takes [0.106] sec: <fallback>
[17:47:11.887][info] [#0:script/workspace/loading.lua:181]: Compile files takes [0.000] sec: <fallback>
[17:47:11.887][info] [#0:script/workspace/loading.lua:182]: Loaded finish:	<fallback>
[17:47:11.887][info] [#0:script/workspace/workspace.lua:387]: Preload finish at:	<fallback>
[17:47:11.890][info] [#0:script/workspace/loading.lua:172]: Loaded files takes [0.109] sec: file:///tmp/tw_hypr_conf/configs/secondary.lua
[17:47:11.890][info] [#0:script/workspace/loading.lua:181]: Compile files takes [0.000] sec: file:///tmp/tw_hypr_conf/configs/secondary.lua
[17:47:11.890][info] [#0:script/workspace/loading.lua:182]: Loaded finish:	file:///tmp/tw_hypr_conf/configs/secondary.lua
[17:47:11.890][info] [#0:script/workspace/workspace.lua:387]: Preload finish at:	file:///tmp/tw_hypr_conf/configs/secondary.lua
[17:47:11.899][info] [#0:script/provider/diagnostic.lua:560]: Diagnostics scope [file:///tmp/tw_hypr_conf/configs/secondary.lua], files count:[12]
[17:47:11.931][info] [#0:script/provider/diagnostic.lua:577]: Diagnostics scope [file:///tmp/tw_hypr_conf/configs/secondary.lua] finished, takes [0.032] sec.
[17:47:29.353][info] [#0:script/provider/diagnostic.lua:560]: Diagnostics scope [file:///tmp/tw_hypr_conf/configs/secondary.lua], files count:[12]
[17:47:29.372][info] [#0:script/provider/diagnostic.lua:577]: Diagnostics scope [file:///tmp/tw_hypr_conf/configs/secondary.lua] finished, takes [0.020] sec.
[17:47:36.353][info] [#0:script/provider/diagnostic.lua:560]: Diagnostics scope [file:///tmp/tw_hypr_conf/configs/secondary.lua], files count:[12]
[17:47:36.371][info] [#0:script/provider/diagnostic.lua:577]: Diagnostics scope [file:///tmp/tw_hypr_conf/configs/secondary.lua] finished, takes [0.018] sec.
[17:48:20.463][warn] [#0:script/config/loader.lua:116]: No config?	{}
[17:48:20.568][warn] [#0:script/config/loader.lua:116]: No config?	{}
[17:48:20.568][info] [#0:script/provider/provider.lua:65]: Load config from client	fallback
[17:48:20.568][info] [#0:script/provider/provider.lua:66]: nil
[17:48:31.981][info] [#0:script/provider/provider.lua:176]: Server shutdown.
